
> vite_react_shadcn_ts@0.0.0 build
> vite build

[36mvite v5.4.19 [32mbuilding for production...[36m[39m
transforming...
node.exe : Browserslist: browsers data (caniuse-lite) is 8 months old. Please 
run:
At C:\nvm4w\nodejs\npm.ps1:16 char:5
+     & "$basedir/node$exe"  "$basedir/node_modules/npm/bin/npm-cli.js" ...
+     ~~~~~~~~~~~~~~~~~~~~~~~~~~~~~~~~~~~~~~~~~~~~~~~~~~~~~~~~~~~~~~~~~
    + CategoryInfo          : NotSpecified: (Browserslist: b...ld. Please run: 
   :String) [], RemoteException
    + FullyQualifiedErrorId : NativeCommandError
 
  npx update-browserslist-db@latest
  Why you should do it regularly: 
https://github.com/browserslist/update-db#readme
[32mΓ£ô[39m 4303 modules transformed.
rendering chunks...
[1m[33m[plugin:vite:reporter][39m[22m [33m[plugin vite:reporter] 
(!) C:/Github/sokat-tp/forge-cloud-start/src/integrations/supabase/client.ts 
is dynamically imported by 
C:/Github/sokat-tp/forge-cloud-start/src/components/FarmerProductForm.tsx but 
also statically imported by 
C:/Github/sokat-tp/forge-cloud-start/src/components/BulkOrderList.tsx, 
C:/Github/sokat-tp/forge-cloud-start/src/components/BuyRequestForm.tsx, 
C:/Github/sokat-tp/forge-cloud-start/src/components/BuyRequestList.tsx, C:/Gith
ub/sokat-tp/forge-cloud-start/src/components/EquipmentListingDialog.tsx, C:/Git
hub/sokat-tp/forge-cloud-start/src/components/admin/AdminAdPlacements.tsx, 
C:/Github/sokat-tp/forge-cloud-start/src/components/admin/AdminLayout.tsx, 
C:/Github/sokat-tp/forge-cloud-start/src/components/admin/TableManager.tsx, 
C:/Github/sokat-tp/forge-cloud-start/src/components/admin/UserManagement.tsx, C
:/Github/sokat-tp/forge-cloud-start/src/components/admin/VerificationDashboard.
tsx, C:/Github/sokat-tp/forge-cloud-start/src/components/ads/AdCarousel.tsx, 
C:/Github/sokat-tp/forge-cloud-start/src/components/auth/PhoneAuth.tsx, 
C:/Github/sokat-tp/forge-cloud-start/src/components/community/PostCard.tsx, C:/
Github/sokat-tp/forge-cloud-start/src/components/dialogs/PostBulkNeedDialog.tsx
, C:/Github/sokat-tp/forge-cloud-start/src/components/discussions/CreateDiscuss
ionDialog.tsx, 
C:/Github/sokat-tp/forge-cloud-start/src/components/farm/AnimalManagement.tsx, 
C:/Github/sokat-tp/forge-cloud-start/src/components/farm/CropTracking.tsx, 
C:/Github/sokat-tp/forge-cloud-start/src/components/farm/FarmDashboard.tsx, C:/
Github/sokat-tp/forge-cloud-start/src/components/farm/FinancialManagement.tsx, 
C:/Github/sokat-tp/forge-cloud-start/src/components/farm/InventoryManagement.ts
x, 
C:/Github/sokat-tp/forge-cloud-start/src/components/farm/LandManagement.tsx, 
C:/Github/sokat-tp/forge-cloud-start/src/components/profile/ProfileEditor.tsx, 
C:/Github/sokat-tp/forge-cloud-start/src/components/qr/QRCodeGenerator.tsx, 
C:/Github/sokat-tp/forge-cloud-start/src/components/qr/QRScanner.tsx, C:/Github
/sokat-tp/forge-cloud-start/src/features/commodityTrading/services/barterServic
e.ts, C:/Github/sokat-tp/forge-cloud-start/src/hooks/useAdminRole.ts, 
C:/Github/sokat-tp/forge-cloud-start/src/hooks/useAuth.tsx, 
C:/Github/sokat-tp/forge-cloud-start/src/hooks/useSupabaseConnection.ts, 
C:/Github/sokat-tp/forge-cloud-start/src/lib/supabaseClient.ts, 
C:/Github/sokat-tp/forge-cloud-start/src/pages/Auth.tsx, 
C:/Github/sokat-tp/forge-cloud-start/src/pages/BatchTracking.tsx, 
C:/Github/sokat-tp/forge-cloud-start/src/pages/BulkOrders.tsx, 
C:/Github/sokat-tp/forge-cloud-start/src/pages/BuyRequestsPage.tsx, 
C:/Github/sokat-tp/forge-cloud-start/src/pages/CarbonFootprint.tsx, 
C:/Github/sokat-tp/forge-cloud-start/src/pages/CityMarkets.tsx, 
C:/Github/sokat-tp/forge-cloud-start/src/pages/CommunityForum.tsx, 
C:/Github/sokat-tp/forge-cloud-start/src/pages/CommunityForums.tsx, 
C:/Github/sokat-tp/forge-cloud-start/src/pages/ContractFarmingPage.tsx, 
C:/Github/sokat-tp/forge-cloud-start/src/pages/CooperativeGroupsPage.tsx, 
C:/Github/sokat-tp/forge-cloud-start/src/pages/EnhancedDonationForm.tsx, 
C:/Github/sokat-tp/forge-cloud-start/src/pages/EquipmentMarketplace.tsx, 
C:/Github/sokat-tp/forge-cloud-start/src/pages/EquipmentMarketplacePage.tsx, 
C:/Github/sokat-tp/forge-cloud-start/src/pages/ExportMarket.tsx, 
C:/Github/sokat-tp/forge-cloud-start/src/pages/ExportMarketOpportunities.tsx, 
C:/Github/sokat-tp/forge-cloud-start/src/pages/ExportOpportunitiesNew.tsx, 
C:/Github/sokat-tp/forge-cloud-start/src/pages/F2CMarketplace.tsx, 
C:/Github/sokat-tp/forge-cloud-start/src/pages/FarmInputMarketplace.tsx, 
C:/Github/sokat-tp/forge-cloud-start/src/pages/FarmInputsMarketplace.tsx, 
C:/Github/sokat-tp/forge-cloud-start/src/pages/FarmTourismPage.tsx, 
C:/Github/sokat-tp/forge-cloud-start/src/pages/FoodRescueDashboard.tsx, 
C:/Github/sokat-tp/forge-cloud-start/src/pages/GroupInputOrders.tsx, 
C:/Github/sokat-tp/forge-cloud-start/src/pages/ImperfectSurplusDashboard.tsx, 
C:/Github/sokat-tp/forge-cloud-start/src/pages/MyTrades.tsx, 
C:/Github/sokat-tp/forge-cloud-start/src/pages/Networking.tsx, 
C:/Github/sokat-tp/forge-cloud-start/src/pages/PartnersShowcase.tsx, 
C:/Github/sokat-tp/forge-cloud-start/src/pages/Profile.tsx, 
C:/Github/sokat-tp/forge-cloud-start/src/pages/PublicVerificationProfile.tsx, 
C:/Github/sokat-tp/forge-cloud-start/src/pages/ResetPassword.tsx, 
C:/Github/sokat-tp/forge-cloud-start/src/pages/ReverseBulkAuctions.tsx, 
C:/Github/sokat-tp/forge-cloud-start/src/pages/RoutesMarketplace.tsx, 
C:/Github/sokat-tp/forge-cloud-start/src/pages/TransporterSignUp.tsx, 
C:/Github/sokat-tp/forge-cloud-start/src/pages/UpdatePassword.tsx, 
C:/Github/sokat-tp/forge-cloud-start/src/pages/WeatherPage.tsx, C:/Github/sokat
-tp/forge-cloud-start/src/pages/commodityTrading/BarterExchange.tsx, 
C:/Github/sokat-tp/forge-cloud-start/src/services/BulkOrderService.ts, C:/Githu
b/sokat-tp/forge-cloud-start/src/services/api/supabase/supply-chain.service.ts,
 C:/Github/sokat-tp/forge-cloud-start/src/services/apiKeyService.ts, 
C:/Github/sokat-tp/forge-cloud-start/src/services/authService.ts, 
C:/Github/sokat-tp/forge-cloud-start/src/services/batchTrackingService.ts, C:/G
ithub/sokat-tp/forge-cloud-start/src/services/business/advertisementService.ts,
 C:/Github/sokat-tp/forge-cloud-start/src/services/carbonForumService.ts, C:/Gi
thub/sokat-tp/forge-cloud-start/src/services/database/kilimoDataService.ts, 
C:/Github/sokat-tp/forge-cloud-start/src/services/f2cSubscriptionService.ts, 
C:/Github/sokat-tp/forge-cloud-start/src/services/farmInputService.ts, 
C:/Github/sokat-tp/forge-cloud-start/src/services/farmerExporterService.ts, 
C:/Github/sokat-tp/forge-cloud-start/src/services/forumCommentService.ts, 
C:/Github/sokat-tp/forge-cloud-start/src/services/logisticsService.ts, 
C:/Github/sokat-tp/forge-cloud-start/src/services/marketLinkageService.ts, 
C:/Github/sokat-tp/forge-cloud-start/src/services/notificationService.ts, 
C:/Github/sokat-tp/forge-cloud-start/src/services/partnerService.ts, 
C:/Github/sokat-tp/forge-cloud-start/src/services/paystackService.ts, 
C:/Github/sokat-tp/forge-cloud-start/src/services/pricingService.ts, 
C:/Github/sokat-tp/forge-cloud-start/src/services/produceService.ts, 
C:/Github/sokat-tp/forge-cloud-start/src/services/production/healthCheck.ts, 
C:/Github/sokat-tp/forge-cloud-start/src/services/security/authRateLimit.ts, 
C:/Github/sokat-tp/forge-cloud-start/src/services/security/securityAudit.ts, 
C:/Github/sokat-tp/forge-cloud-start/src/services/sentimentAnalysisService.ts, 
C:/Github/sokat-tp/forge-cloud-start/src/services/serviceProviderService.ts, 
C:/Github/sokat-tp/forge-cloud-start/src/services/trainingService.ts, 
C:/Github/sokat-tp/forge-cloud-start/src/services/transportService.ts, 
C:/Github/sokat-tp/forge-cloud-start/src/services/warehouseService.ts, dynamic 
import will not move module into another chunk.
[39m
computing gzip size...
[2mdist/[22m[32mindex.html                               [39m[1m[2m    0.90 kB[22m[1m[22m[2m Γöé gzip:   0.47 kB[22m
[2mdist/[22m[32massets/hero-farming-team-Dp8JYcwD.jpg    [39m[1m[2m  157.17 kB[22m[1m[22m
[2mdist/[22m[32massets/logo-BOfeWaED.png                 [39m[1m[2m  199.86 kB[22m[1m[22m
[2mdist/[22m[32massets/sokoconnect-logo-Bp75-8Zi.png     [39m[1m[2m  214.46 kB[22m[1m[22m
[2mdist/[22m[32massets/community-hero-bg-B5jXg5Cr.png    [39m[1m[2m  227.96 kB[22m[1m[22m
[2mdist/[22m[32massets/marikiti-market-bg-D20wpahJ.jpg   [39m[1m[2m  251.19 kB[22m[1m[22m
[2mdist/[22m[32massets/equipment-hero-bg-DtEiGYGX.png    [39m[1m[2m  359.25 kB[22m[1m[22m
[2mdist/[22m[32massets/about-hero-bg-CvsNFG-p.png        [39m[1m[2m  474.41 kB[22m[1m[22m
[2mdist/[22m[32massets/f2c-hero-bg-Bzp3Bm_n.png          [39m[1m[2m  538.75 kB[22m[1m[22m
[2mdist/[22m[32massets/partners-hero-bg-CPDI1CTr.jpg     [39m[1m[2m  538.98 kB[22m[1m[22m
[2mdist/[22m[32massets/marketplace-hero-bg-Ct-jHc_V.jpg  [39m[1m[2m  652.09 kB[22m[1m[22m
[2mdist/[22m[32massets/advertise-bg-DHBJqsne.png         [39m[1m[2m1,101.33 kB[22m[1m[22m
[2mdist/[22m[32massets/carbon-forum-bg-BW7-N_bB.png      [39m[1m[2m1,247.19 kB[22m[1m[22m
[2mdist/[22m[32massets/farm-inputs-bg-C_4qHkdz.png       [39m[1m[2m1,342.90 kB[22m[1m[22m
[2mdist/[22m[32massets/equipment-bg-D64HPwx6.png         [39m[1m[2m2,151.80 kB[22m[1m[22m
[2mdist/[22m[35massets/vendor-Dgihpmma.css               [39m[1m[2m   15.04 kB[22m[1m[22m[2m Γöé gzip:   6.38 kB[22m
[2mdist/[22m[35massets/index-DUO-jCUw.css                [39m[1m[2m  109.94 kB[22m[1m[22m[2m Γöé gzip:  17.69 kB[22m
[2mdist/[22m[36massets/ServiceProvidersMap-Cjc-DCjk.js   [39m[1m[2m    1.74 kB[22m[1m[22m[2m Γöé gzip:   0.80 kB[22m
[2mdist/[22m[36massets/BatchTrackingPage-CQJCmD7g.js     [39m[1m[2m    2.60 kB[22m[1m[22m[2m Γöé gzip:   0.94 kB[22m
[2mdist/[22m[36massets/index-youAZ4Kp.js                 [39m[1m[33m1,147.09 kB[39m[22m[2m Γöé gzip: 245.58 kB[22m
[2mdist/[22m[36massets/vendor-RKBnMUHT.js                [39m[1m[33m1,503.37 kB[39m[22m[2m Γöé gzip: 440.65 kB[22m
[33m
(!) Some chunks are larger than 500 kB after minification. Consider:
- Using dynamic import() to code-split the application
- Use build.rollupOptions.output.manualChunks to improve chunking: 
https://rollupjs.org/configuration-options/#output-manualchunks
- Adjust chunk size limit for this warning via 
build.chunkSizeWarningLimit.[39m
[32mΓ£ô built in 1m 58s[39m
